
> @metalgest/web@0.0.0 build
> vite build

[36mvite v4.5.14 [32mbuilding for production...[36m[39m
transforming...
Browserslist: browsers data (caniuse-lite) is 9 months old. Please run:
  npx update-browserslist-db@latest
  Why you should do it regularly: https://github.com/browserslist/update-db#readme
[32m✓[39m 3194 modules transformed.
rendering chunks...
computing gzip size...
[2mdist/[22m[32mindex.html                          [39m[1m[2m  0.56 kB[22m[1m[22m[2m │ gzip:   0.36 kB[22m
[2mdist/[22m[35massets/index-2692e067.css           [39m[1m[2m 37.16 kB[22m[1m[22m[2m │ gzip:   6.92 kB[22m
[2mdist/[22m[36massets/pencil-abf3de15.js           [39m[1m[2m  0.19 kB[22m[1m[22m[2m │ gzip:   0.18 kB[22m
[2mdist/[22m[36massets/trending-up-c9b11a35.js      [39m[1m[2m  0.20 kB[22m[1m[22m[2m │ gzip:   0.18 kB[22m
[2mdist/[22m[36massets/alert-triangle-4bdb1a9c.js   [39m[1m[2m  0.26 kB[22m[1m[22m[2m │ gzip:   0.21 kB[22m
[2mdist/[22m[36massets/trash-2-2b00a61d.js          [39m[1m[2m  0.45 kB[22m[1m[22m[2m │ gzip:   0.28 kB[22m
[2mdist/[22m[36massets/formatters-1cfc5353.js       [39m[1m[2m  0.98 kB[22m[1m[22m[2m │ gzip:   0.53 kB[22m
[2mdist/[22m[36massets/card-90031267.js             [39m[1m[2m  0.99 kB[22m[1m[22m[2m │ gzip:   0.38 kB[22m
[2mdist/[22m[36massets/Login-94a73290.js            [39m[1m[2m  2.74 kB[22m[1m[22m[2m │ gzip:   1.30 kB[22m
[2mdist/[22m[36massets/Register-488671f6.js         [39m[1m[2m  4.22 kB[22m[1m[22m[2m │ gzip:   1.63 kB[22m
[2mdist/[22m[36massets/PublicQuote-948b2da7.js      [39m[1m[2m  5.50 kB[22m[1m[22m[2m │ gzip:   1.71 kB[22m
[2mdist/[22m[36massets/Dashboard-ebdb4c0b.js        [39m[1m[2m  5.90 kB[22m[1m[22m[2m │ gzip:   1.93 kB[22m
[2mdist/[22m[36massets/Services-82f12668.js         [39m[1m[2m  6.05 kB[22m[1m[22m[2m │ gzip:   2.12 kB[22m
[2mdist/[22m[36massets/Users-bd1e10e1.js            [39m[1m[2m  6.53 kB[22m[1m[22m[2m │ gzip:   2.37 kB[22m
[2mdist/[22m[36massets/Products-a381688f.js         [39m[1m[2m  6.54 kB[22m[1m[22m[2m │ gzip:   2.25 kB[22m
[2mdist/[22m[36massets/Production-40da14b0.js       [39m[1m[2m  6.59 kB[22m[1m[22m[2m │ gzip:   2.29 kB[22m
[2mdist/[22m[36massets/Clients-4d50f5da.js          [39m[1m[2m  6.60 kB[22m[1m[22m[2m │ gzip:   2.31 kB[22m
[2mdist/[22m[36massets/Settings-b20aaa65.js         [39m[1m[2m  8.03 kB[22m[1m[22m[2m │ gzip:   2.44 kB[22m
[2mdist/[22m[36massets/api-289ee474.js              [39m[1m[2m  9.25 kB[22m[1m[22m[2m │ gzip:   2.47 kB[22m
[2mdist/[22m[36massets/Quotes-5b3fd9cb.js           [39m[1m[2m 10.11 kB[22m[1m[22m[2m │ gzip:   3.23 kB[22m
[2mdist/[22m[36massets/purify.es-2de9db7f.js        [39m[1m[2m 21.98 kB[22m[1m[22m[2m │ gzip:   8.74 kB[22m
[2mdist/[22m[36massets/Financial-a9b4e2ef.js        [39m[1m[2m 95.50 kB[22m[1m[22m[2m │ gzip:  26.79 kB[22m
[2mdist/[22m[36massets/Home-8c0218bf.js             [39m[1m[2m101.58 kB[22m[1m[22m[2m │ gzip:  34.47 kB[22m
[2mdist/[22m[36massets/index.es-d3746be9.js         [39m[1m[2m150.62 kB[22m[1m[22m[2m │ gzip:  51.54 kB[22m
[2mdist/[22m[36massets/html2canvas.esm-e0a7d97b.js  [39m[1m[2m201.43 kB[22m[1m[22m[2m │ gzip:  48.04 kB[22m
[2mdist/[22m[36massets/index-44fb28ac.js            [39m[1m[2m236.21 kB[22m[1m[22m[2m │ gzip:  76.46 kB[22m
[2mdist/[22m[36massets/LineChart-5fca84de.js        [39m[1m[2m408.99 kB[22m[1m[22m[2m │ gzip: 112.07 kB[22m
[2mdist/[22m[36massets/DRE-219d88d0.js              [39m[1m[33m697.38 kB[39m[22m[2m │ gzip: 229.00 kB[22m
[33m
(!) Some chunks are larger than 500 kBs after minification. Consider:
- Using dynamic import() to code-split the application
- Use build.rollupOptions.output.manualChunks to improve chunking: https://rollupjs.org/configuration-options/#output-manualchunks
- Adjust chunk size limit for this warning via build.chunkSizeWarningLimit.[39m
[32m✓ built in 40.95s[39m
